## vertex.auto.id.generator = STRING_SEQUENCE
## vertex.auto.id.prefix = xiv.deployment
VERTEX: s1
	LABEL: SERVER
VERTEX: s2
	LABEL: SERVER
VERTEX: s3
	LABEL: SERVER
VERTEX: b1
	LABEL: BROKER
VERTEX: b2
	LABEL: BROKER
VERTEX: t1
	LABEL: TOPIC
VERTEX: t2
	LABEL: TOPIC
VERTEX: t3
	LABEL: TOPIC
VERTEX: t4
	LABEL: TOPIC
VERTEX: v
	LABEL: SERVICE
EDGE: DEPLOYED_TO
EDGE: DEPLOYED_TO
EDGE: DEPLOYED_TO
EDGE: READS_FROM
EDGE: WRITES_TO
EDGE: WRITES_TO
EDGE: WRITES_TO